<?xml version="1.0" encoding="utf-8"?><testsuites><testsuite name="pytest" errors="0" failures="0" skipped="0" tests="2" time="0.070" timestamp="2023-12-06T22:28:43.775721" hostname="SrWindows"><testcase classname="test_library_system" name="test_checkout_books" time="0.002" /><testcase classname="test_library_system" name="test_return_books" time="0.002" /></testsuite></testsuites>